# Delete parameters that refer to removed Spring beans
- : domainInitializer.initialDomain
- : coreContextImpl.authorizationRealm
- : sip.fromServerName
- : registrationContext.port
- : registrationContext.server
- : sipxProxyService.sipSrvOrHostport
- : vxml.promptsDirectory
- : vxml.scriptsDirectory
- : dialPlanContextImpl.scriptsDirectory
localBackupPlan.backupDirectory : adminContextImpl.backupDirectory
ftpBackupPlan.backupDirectory : adminContextImpl.ftpBackupDirectory
- : sipxService.realm
- : sipxService.domainName
- : sipxService.ipAddress
- : sipxService.hostname
- : sipxService.fullHostname
- : sipxCallResolverService.ipAddress
sipImpl.proxyHost : sip.proxyHost
sipImpl.proxyPort : sip.proxyPort
sipImpl.hostName : sip.hostName
sipImpl.hostIpAddress : sip.hostIpAddress
sipImpl.port : sip.port
- : sipxServiceManagerImpl.host
# Delete params that have been eliminated by config.defs removal (XCF-2809)
- : sipxService.sipPort
- : sipxService.voicemailHttpsPort
- : sipxProxyService.callResolverCallStateDb
- : sipxRegistrarService.mediaServerSipSrvOrHostport
- : sipxRegistrarService.orbitServerSipSrvOrHostport
- : sipxRegistrarService.proxyServerSipHostport
- : sipxRlsService.rlsPort
- : natTraversal.proxyAddress
- : natTraversal.proxyServerSipHostport
- : sip.proxyHost
- : sip.proxyPort
- : sip.hostName
- : sip.hostIpAddress
- : sfLogLayout.hostName
- : locationsMigrationTrigger.localIpAddress
- : phoneDefaults.tftpServer
- : phoneDefaults.authorizationRealm
- : phoneDefaults.fullyQualifiedDomainName
- : registrationContext.hostname
- : domainManagerImpl.authorizationRealm
- : domainManagerImpl.alarmServerUrl
- : domainManagerImpl.initialDomain
- : domainManagerImpl.configServerHost
- : conferenceBridge.host
- : acdContextImpl.audioServerUrl
- : mailboxManagerImpl.mediaServerCgiUrl
- : cdrManagerImpl.cdrAgentHost
- : cdrManagerImpl.cdrAgentPort
- : sipxProcessContext.host
- : sipxServiceManagerImpl.host
- : alarmContextImpl.host
- : alarmApi.serviceUrl
- : sbcDeviceManagerImpl.localIpAddress
- : replicationManagerImpl.hostname
- : freeswitchMediaServer.hostname
- : phoneDefaults.proxyServerAddr
- : phoneDefaults.proxyServerSipPort
# Fixing params that are causing 3.10 -> 4.0 upgrade issues
- : pagingProvisioningContextImpl.audioDirectory
- : domainManagerImpl.initialAlias
- : acdServer.host
- : conferenceConference.admissionScriptServer
- : conferenceBridge.admissionServer
- : polycom.defaultVersionId
- : sysdir.freeswitch
- : acdServer.maxQueues
- : acdServer.maxAgents
- : acdServer.maxLines
- : sipxProxyService.sipPort
- : sipxProxyService.secureSipPort
- : alarmContextImpl.alarmsStringsDirectory
